Archive member included to satisfy reference by file (symbol)

c:/st/stm32cubeide_1.8.0/stm32cubeide/plugins/com.st.stm32cube.ide.mcu.externaltools.gnu-tools-for-stm32.10.3-2021.10.win32_1.0.0.202111181127/tools/bin/../lib/gcc/arm-none-eabi/10.3.1/../../../../arm-none-eabi/lib/thumb/v8-m.main+fp/hard\libc_nano.a(lib_a-errno.o)
                              ./Core/Src/syscalls.o (__errno)
c:/st/stm32cubeide_1.8.0/stm32cubeide/plugins/com.st.stm32cube.ide.mcu.externaltools.gnu-tools-for-stm32.10.3-2021.10.win32_1.0.0.202111181127/tools/bin/../lib/gcc/arm-none-eabi/10.3.1/../../../../arm-none-eabi/lib/thumb/v8-m.main+fp/hard\libc_nano.a(lib_a-exit.o)
                              c:/st/stm32cubeide_1.8.0/stm32cubeide/plugins/com.st.stm32cube.ide.mcu.externaltools.gnu-tools-for-stm32.10.3-2021.10.win32_1.0.0.202111181127/tools/bin/../lib/gcc/arm-none-eabi/10.3.1/../../../../arm-none-eabi/lib/thumb/v8-m.main+fp/hard/crt0.o (exit)
c:/st/stm32cubeide_1.8.0/stm32cubeide/plugins/com.st.stm32cube.ide.mcu.externaltools.gnu-tools-for-stm32.10.3-2021.10.win32_1.0.0.202111181127/tools/bin/../lib/gcc/arm-none-eabi/10.3.1/../../../../arm-none-eabi/lib/thumb/v8-m.main+fp/hard\libc_nano.a(lib_a-impure.o)
                              c:/st/stm32cubeide_1.8.0/stm32cubeide/plugins/com.st.stm32cube.ide.mcu.externaltools.gnu-tools-for-stm32.10.3-2021.10.win32_1.0.0.202111181127/tools/bin/../lib/gcc/arm-none-eabi/10.3.1/../../../../arm-none-eabi/lib/thumb/v8-m.main+fp/hard\libc_nano.a(lib_a-exit.o) (_global_impure_ptr)
c:/st/stm32cubeide_1.8.0/stm32cubeide/plugins/com.st.stm32cube.ide.mcu.externaltools.gnu-tools-for-stm32.10.3-2021.10.win32_1.0.0.202111181127/tools/bin/../lib/gcc/arm-none-eabi/10.3.1/../../../../arm-none-eabi/lib/thumb/v8-m.main+fp/hard\libc_nano.a(lib_a-init.o)
                              c:/st/stm32cubeide_1.8.0/stm32cubeide/plugins/com.st.stm32cube.ide.mcu.externaltools.gnu-tools-for-stm32.10.3-2021.10.win32_1.0.0.202111181127/tools/bin/../lib/gcc/arm-none-eabi/10.3.1/../../../../arm-none-eabi/lib/thumb/v8-m.main+fp/hard/crt0.o (__libc_init_array)
c:/st/stm32cubeide_1.8.0/stm32cubeide/plugins/com.st.stm32cube.ide.mcu.externaltools.gnu-tools-for-stm32.10.3-2021.10.win32_1.0.0.202111181127/tools/bin/../lib/gcc/arm-none-eabi/10.3.1/../../../../arm-none-eabi/lib/thumb/v8-m.main+fp/hard\libc_nano.a(lib_a-memset.o)
                              c:/st/stm32cubeide_1.8.0/stm32cubeide/plugins/com.st.stm32cube.ide.mcu.externaltools.gnu-tools-for-stm32.10.3-2021.10.win32_1.0.0.202111181127/tools/bin/../lib/gcc/arm-none-eabi/10.3.1/../../../../arm-none-eabi/lib/thumb/v8-m.main+fp/hard/crt0.o (memset)

Discarded input sections

 .text          0x0000000000000000        0x0 c:/st/stm32cubeide_1.8.0/stm32cubeide/plugins/com.st.stm32cube.ide.mcu.externaltools.gnu-tools-for-stm32.10.3-2021.10.win32_1.0.0.202111181127/tools/bin/../lib/gcc/arm-none-eabi/10.3.1/thumb/v8-m.main+fp/hard/crti.o
 .data          0x0000000000000000        0x0 c:/st/stm32cubeide_1.8.0/stm32cubeide/plugins/com.st.stm32cube.ide.mcu.externaltools.gnu-tools-for-stm32.10.3-2021.10.win32_1.0.0.202111181127/tools/bin/../lib/gcc/arm-none-eabi/10.3.1/thumb/v8-m.main+fp/hard/crti.o
 .bss           0x0000000000000000        0x0 c:/st/stm32cubeide_1.8.0/stm32cubeide/plugins/com.st.stm32cube.ide.mcu.externaltools.gnu-tools-for-stm32.10.3-2021.10.win32_1.0.0.202111181127/tools/bin/../lib/gcc/arm-none-eabi/10.3.1/thumb/v8-m.main+fp/hard/crti.o
 .data          0x0000000000000000        0x4 c:/st/stm32cubeide_1.8.0/stm32cubeide/plugins/com.st.stm32cube.ide.mcu.externaltools.gnu-tools-for-stm32.10.3-2021.10.win32_1.0.0.202111181127/tools/bin/../lib/gcc/arm-none-eabi/10.3.1/thumb/v8-m.main+fp/hard/crtbegin.o
 .rodata        0x0000000000000000       0x24 c:/st/stm32cubeide_1.8.0/stm32cubeide/plugins/com.st.stm32cube.ide.mcu.externaltools.gnu-tools-for-stm32.10.3-2021.10.win32_1.0.0.202111181127/tools/bin/../lib/gcc/arm-none-eabi/10.3.1/thumb/v8-m.main+fp/hard/crtbegin.o
 .text          0x0000000000000000       0x7c c:/st/stm32cubeide_1.8.0/stm32cubeide/plugins/com.st.stm32cube.ide.mcu.externaltools.gnu-tools-for-stm32.10.3-2021.10.win32_1.0.0.202111181127/tools/bin/../lib/gcc/arm-none-eabi/10.3.1/../../../../arm-none-eabi/lib/thumb/v8-m.main+fp/hard/crt0.o
 .data          0x0000000000000000        0x0 c:/st/stm32cubeide_1.8.0/stm32cubeide/plugins/com.st.stm32cube.ide.mcu.externaltools.gnu-tools-for-stm32.10.3-2021.10.win32_1.0.0.202111181127/tools/bin/../lib/gcc/arm-none-eabi/10.3.1/../../../../arm-none-eabi/lib/thumb/v8-m.main+fp/hard/crt0.o
 .bss           0x0000000000000000        0x0 c:/st/stm32cubeide_1.8.0/stm32cubeide/plugins/com.st.stm32cube.ide.mcu.externaltools.gnu-tools-for-stm32.10.3-2021.10.win32_1.0.0.202111181127/tools/bin/../lib/gcc/arm-none-eabi/10.3.1/../../../../arm-none-eabi/lib/thumb/v8-m.main+fp/hard/crt0.o
[...]
Memory Configuration

Name             Origin             Length             Attributes
RAM              0x0000000020000000 0x00000000000c0000 xrw
SRAM4            0x0000000028000000 0x0000000000004000 xrw
FLASH            0x0000000008000000 0x0000000000100000 xr
*default*        0x0000000000000000 0xffffffffffffffff

Linker script and memory map

LOAD c:/st/stm32cubeide_1.8.0/stm32cubeide/plugins/com.st.stm32cube.ide.mcu.externaltools.gnu-tools-for-stm32.10.3-2021.10.win32_1.0.0.202111181127/tools/bin/../lib/gcc/arm-none-eabi/10.3.1/thumb/v8-m.main+fp/hard/crti.o
LOAD c:/st/stm32cubeide_1.8.0/stm32cubeide/plugins/com.st.stm32cube.ide.mcu.externaltools.gnu-tools-for-stm32.10.3-2021.10.win32_1.0.0.202111181127/tools/bin/../lib/gcc/arm-none-eabi/10.3.1/thumb/v8-m.main+fp/hard/crtbegin.o
LOAD c:/st/stm32cubeide_1.8.0/stm32cubeide/plugins/com.st.stm32cube.ide.mcu.externaltools.gnu-tools-for-stm32.10.3-2021.10.win32_1.0.0.202111181127/tools/bin/../lib/gcc/arm-none-eabi/10.3.1/../../../../arm-none-eabi/lib/thumb/v8-m.main+fp/hard/crt0.o
LOAD ./Core/Src/main.o
LOAD ./Core/Src/stm32u5xx_hal_msp.o
LOAD ./Core/Src/stm32u5xx_it.o
LOAD ./Core/Src/syscalls.o
LOAD ./Core/Src/sysmem.o
LOAD ./Core/Src/system_stm32u5xx.o
LOAD ./Core/Startup/startup_stm32u575vgtx.o
LOAD ./Drivers/STM32U5xx_HAL_Driver/Src/stm32u5xx_hal.o
LOAD ./Drivers/STM32U5xx_HAL_Driver/Src/stm32u5xx_hal_cortex.o
LOAD ./Drivers/STM32U5xx_HAL_Driver/Src/stm32u5xx_hal_dma.o
LOAD ./Drivers/STM32U5xx_HAL_Driver/Src/stm32u5xx_hal_dma_ex.o
LOAD ./Drivers/STM32U5xx_HAL_Driver/Src/stm32u5xx_hal_exti.o
LOAD ./Drivers/STM32U5xx_HAL_Driver/Src/stm32u5xx_hal_flash.o
LOAD ./Drivers/STM32U5xx_HAL_Driver/Src/stm32u5xx_hal_flash_ex.o
LOAD ./Drivers/STM32U5xx_HAL_Driver/Src/stm32u5xx_hal_gpio.o
LOAD ./Drivers/STM32U5xx_HAL_Driver/Src/stm32u5xx_hal_gtzc.o
LOAD ./Drivers/STM32U5xx_HAL_Driver/Src/stm32u5xx_hal_i2c.o
LOAD ./Drivers/STM32U5xx_HAL_Driver/Src/stm32u5xx_hal_i2c_ex.o
LOAD ./Drivers/STM32U5xx_HAL_Driver/Src/stm32u5xx_hal_icache.o
LOAD ./Drivers/STM32U5xx_HAL_Driver/Src/stm32u5xx_hal_pwr.o
LOAD ./Drivers/STM32U5xx_HAL_Driver/Src/stm32u5xx_hal_pwr_ex.o
LOAD ./Drivers/STM32U5xx_HAL_Driver/Src/stm32u5xx_hal_rcc.o
LOAD ./Drivers/STM32U5xx_HAL_Driver/Src/stm32u5xx_hal_rcc_ex.o
LOAD ./Drivers/STM32U5xx_HAL_Driver/Src/stm32u5xx_hal_tim.o
LOAD ./Drivers/STM32U5xx_HAL_Driver/Src/stm32u5xx_hal_tim_ex.o
START GROUP
LOAD c:/st/stm32cubeide_1.8.0/stm32cubeide/plugins/com.st.stm32cube.ide.mcu.externaltools.gnu-tools-for-stm32.10.3-2021.10.win32_1.0.0.202111181127/tools/bin/../lib/gcc/arm-none-eabi/10.3.1/../../../../arm-none-eabi/lib/thumb/v8-m.main+fp/hard\libc_nano.a
LOAD c:/st/stm32cubeide_1.8.0/stm32cubeide/plugins/com.st.stm32cube.ide.mcu.externaltools.gnu-tools-for-stm32.10.3-2021.10.win32_1.0.0.202111181127/tools/bin/../lib/gcc/arm-none-eabi/10.3.1/../../../../arm-none-eabi/lib/thumb/v8-m.main+fp/hard\libm.a
END GROUP
START GROUP
LOAD c:/st/stm32cubeide_1.8.0/stm32cubeide/plugins/com.st.stm32cube.ide.mcu.externaltools.gnu-tools-for-stm32.10.3-2021.10.win32_1.0.0.202111181127/tools/bin/../lib/gcc/arm-none-eabi/10.3.1/thumb/v8-m.main+fp/hard\libgcc.a
LOAD c:/st/stm32cubeide_1.8.0/stm32cubeide/plugins/com.st.stm32cube.ide.mcu.externaltools.gnu-tools-for-stm32.10.3-2021.10.win32_1.0.0.202111181127/tools/bin/../lib/gcc/arm-none-eabi/10.3.1/../../../../arm-none-eabi/lib/thumb/v8-m.main+fp/hard\libc_nano.a
END GROUP
START GROUP
LOAD c:/st/stm32cubeide_1.8.0/stm32cubeide/plugins/com.st.stm32cube.ide.mcu.externaltools.gnu-tools-for-stm32.10.3-2021.10.win32_1.0.0.202111181127/tools/bin/../lib/gcc/arm-none-eabi/10.3.1/thumb/v8-m.main+fp/hard\libgcc.a
LOAD c:/st/stm32cubeide_1.8.0/stm32cubeide/plugins/com.st.stm32cube.ide.mcu.externaltools.gnu-tools-for-stm32.10.3-2021.10.win32_1.0.0.202111181127/tools/bin/../lib/gcc/arm-none-eabi/10.3.1/../../../../arm-none-eabi/lib/thumb/v8-m.main+fp/hard\libc_nano.a
LOAD c:/st/stm32cubeide_1.8.0/stm32cubeide/plugins/com.st.stm32cube.ide.mcu.externaltools.gnu-tools-for-stm32.10.3-2021.10.win32_1.0.0.202111181127/tools/bin/../lib/gcc/arm-none-eabi/10.3.1/../../../../arm-none-eabi/lib/thumb/v8-m.main+fp/hard\libnosys.a
END GROUP
START GROUP
LOAD c:/st/stm32cubeide_1.8.0/stm32cubeide/plugins/com.st.stm32cube.ide.mcu.externaltools.gnu-tools-for-stm32.10.3-2021.10.win32_1.0.0.202111181127/tools/bin/../lib/gcc/arm-none-eabi/10.3.1/thumb/v8-m.main+fp/hard\libgcc.a
LOAD c:/st/stm32cubeide_1.8.0/stm32cubeide/plugins/com.st.stm32cube.ide.mcu.externaltools.gnu-tools-for-stm32.10.3-2021.10.win32_1.0.0.202111181127/tools/bin/../lib/gcc/arm-none-eabi/10.3.1/../../../../arm-none-eabi/lib/thumb/v8-m.main+fp/hard\libc_nano.a
LOAD c:/st/stm32cubeide_1.8.0/stm32cubeide/plugins/com.st.stm32cube.ide.mcu.externaltools.gnu-tools-for-stm32.10.3-2021.10.win32_1.0.0.202111181127/tools/bin/../lib/gcc/arm-none-eabi/10.3.1/../../../../arm-none-eabi/lib/thumb/v8-m.main+fp/hard\libnosys.a
END GROUP
LOAD c:/st/stm32cubeide_1.8.0/stm32cubeide/plugins/com.st.stm32cube.ide.mcu.externaltools.gnu-tools-for-stm32.10.3-2021.10.win32_1.0.0.202111181127/tools/bin/../lib/gcc/arm-none-eabi/10.3.1/thumb/v8-m.main+fp/hard/crtend.o
LOAD c:/st/stm32cubeide_1.8.0/stm32cubeide/plugins/com.st.stm32cube.ide.mcu.externaltools.gnu-tools-for-stm32.10.3-2021.10.win32_1.0.0.202111181127/tools/bin/../lib/gcc/arm-none-eabi/10.3.1/thumb/v8-m.main+fp/hard/crtn.o
                0x00000000200c0000                _estack = (ORIGIN (RAM) + LENGTH (RAM))
                0x0000000000000200                _Min_Heap_Size = 0x200
                0x0000000000000400                _Min_Stack_Size = 0x400

.isr_vector     0x0000000008000000      0x234
 *(.isr_vector)
 .isr_vector    0x0000000008000000      0x234 ./Core/Startup/startup_stm32u575vgtx.o
                0x0000000008000000                g_pfnVectors

.text           0x0000000008000234     0x2460
 *(.text)
 .text          0x0000000008000234       0x40 c:/st/stm32cubeide_1.8.0/stm32cubeide/plugins/com.st.stm32cube.ide.mcu.externaltools.gnu-tools-for-stm32.10.3-2021.10.win32_1.0.0.202111181127/tools/bin/../lib/gcc/arm-none-eabi/10.3.1/thumb/v8-m.main+fp/hard/crtbegin.o
 *(.text*)
 .text.main     0x0000000008000274       0x44 ./Core/Src/main.o
                0x0000000008000274                main
 .text.SystemClock_Config
                0x00000000080002b8       0xb6 ./Core/Src/main.o
                0x00000000080002b8                SystemClock_Config
 .text.SystemPower_Config
                0x000000000800036e        0xe ./Core/Src/main.o
 .text.MX_ICACHE_Init
                0x000000000800037c       0x60 ./Core/Src/main.o
 .text.MX_GPIO_Init
                0x00000000080003dc      0x2c4 ./Core/Src/main.o
 .text.Error_Handler
                0x00000000080006a0       0x20 ./Core/Src/main.o
                0x00000000080006a0                Error_Handler
 .text.HAL_MspInit
                0x00000000080006c0        0xe ./Core/Src/stm32u5xx_hal_msp.o
                0x00000000080006c0                HAL_MspInit
 .text.NMI_Handler
                0x00000000080006ce        0x6 ./Core/Src/stm32u5xx_it.o
                0x00000000080006ce                NMI_Handler
 .text.HardFault_Handler
                0x00000000080006d4        0x6 ./Core/Src/stm32u5xx_it.o
                0x00000000080006d4                HardFault_Handler
 .text.MemManage_Handler
                0x00000000080006da        0x6 ./Core/Src/stm32u5xx_it.o
                0x00000000080006da                MemManage_Handler
 .text.BusFault_Handler
                0x00000000080006e0        0x6 ./Core/Src/stm32u5xx_it.o
                0x00000000080006e0                BusFault_Handler
 .text.UsageFault_Handler
                0x00000000080006e6        0x6 ./Core/Src/stm32u5xx_it.o
                0x00000000080006e6                UsageFault_Handler
 .text.SVC_Handler
                0x00000000080006ec        0xe ./Core/Src/stm32u5xx_it.o
                0x00000000080006ec                SVC_Handler
 .text.DebugMon_Handler
                0x00000000080006fa        0xe ./Core/Src/stm32u5xx_it.o
                0x00000000080006fa                DebugMon_Handler
 .text.PendSV_Handler
                0x0000000008000708        0xe ./Core/Src/stm32u5xx_it.o
                0x0000000008000708                PendSV_Handler
 .text.SysTick_Handler
                0x0000000008000716        0xc ./Core/Src/stm32u5xx_it.o
                0x0000000008000716                SysTick_Handler
 *fill*         0x0000000008000722        0x2 
 .text.SystemInit
                0x0000000008000724       0x70 ./Core/Src/system_stm32u5xx.o
                0x0000000008000724                SystemInit
 .text.Reset_Handler
                0x0000000008000794       0x50 ./Core/Startup/startup_stm32u575vgtx.o
                0x0000000008000794                Reset_Handler
 .text.Default_Handler
                0x00000000080007e4        0x2 ./Core/Startup/startup_stm32u575vgtx.o
                0x00000000080007e4                EXTI2_IRQHandler
                0x00000000080007e4                TIM8_TRG_COM_IRQHandler
                0x00000000080007e4                TIM8_CC_IRQHandler
                0x00000000080007e4                EXTI5_IRQHandler
                0x00000000080007e4                FLASH_S_IRQHandler
                0x00000000080007e4                EXTI13_IRQHandler
                0x00000000080007e4                TIM1_CC_IRQHandler
                0x00000000080007e4                TSC_IRQHandler
                0x00000000080007e4                TAMP_IRQHandler
                0x00000000080007e4                TIM6_IRQHandler
                0x00000000080007e4                EXTI12_IRQHandler
                0x00000000080007e4                CORDIC_IRQHandler
                0x00000000080007e4                EXTI3_IRQHandler
                0x00000000080007e4                LPTIM4_IRQHandler
                0x00000000080007e4                GPDMA1_Channel5_IRQHandler
                0x00000000080007e4                EXTI8_IRQHandler
                0x00000000080007e4                LPTIM2_IRQHandler
                0x00000000080007e4                I2C3_ER_IRQHandler
                0x00000000080007e4                PWR_S3WU_IRQHandler
                0x00000000080007e4                MDF1_FLT2_IRQHandler
                0x00000000080007e4                LPDMA1_Channel3_IRQHandler
                0x00000000080007e4                LPTIM3_IRQHandler
                0x00000000080007e4                EXTI0_IRQHandler
                0x00000000080007e4                I2C2_EV_IRQHandler
                0x00000000080007e4                FPU_IRQHandler
                0x00000000080007e4                GPDMA1_Channel3_IRQHandler
                0x00000000080007e4                GPDMA1_Channel7_IRQHandler
                0x00000000080007e4                MDF1_FLT4_IRQHandler
                0x00000000080007e4                FDCAN1_IT1_IRQHandler
                0x00000000080007e4                RAMCFG_IRQHandler
                0x00000000080007e4                GPDMA1_Channel9_IRQHandler
                0x00000000080007e4                DCACHE1_IRQHandler
                0x00000000080007e4                SPI1_IRQHandler
                0x00000000080007e4                OCTOSPI1_IRQHandler
                0x00000000080007e4                GPDMA1_Channel2_IRQHandler
                0x00000000080007e4                TIM8_UP_IRQHandler
                0x00000000080007e4                RCC_S_IRQHandler
                0x00000000080007e4                OCTOSPI2_IRQHandler
                0x00000000080007e4                SAI2_IRQHandler
                0x00000000080007e4                MDF1_FLT1_IRQHandler
                0x00000000080007e4                ADC1_IRQHandler
                0x00000000080007e4                MDF1_FLT5_IRQHandler
                0x00000000080007e4                EXTI15_IRQHandler
                0x00000000080007e4                TIM17_IRQHandler
                0x00000000080007e4                USART3_IRQHandler
                0x00000000080007e4                RTC_IRQHandler
                0x00000000080007e4                EXTI9_IRQHandler
                0x00000000080007e4                UART5_IRQHandler
                0x00000000080007e4                TIM4_IRQHandler
                0x00000000080007e4                I2C1_EV_IRQHandler
                0x00000000080007e4                GPDMA1_Channel12_IRQHandler
                0x00000000080007e4                GPDMA1_Channel1_IRQHandler
                0x00000000080007e4                TIM16_IRQHandler
                0x00000000080007e4                GPDMA1_Channel15_IRQHandler
                0x00000000080007e4                UART4_IRQHandler
                0x00000000080007e4                SecureFault_Handler
                0x00000000080007e4                TIM3_IRQHandler
                0x00000000080007e4                RCC_IRQHandler
                0x00000000080007e4                TIM1_TRG_COM_IRQHandler
                0x00000000080007e4                Default_Handler
                0x00000000080007e4                GPDMA1_Channel8_IRQHandler
                0x00000000080007e4                FMAC_IRQHandler
                0x00000000080007e4                GPDMA1_Channel11_IRQHandler
                0x00000000080007e4                TIM7_IRQHandler
                0x00000000080007e4                SDMMC1_IRQHandler
                0x00000000080007e4                TIM5_IRQHandler
                0x00000000080007e4                UCPD1_IRQHandler
                0x00000000080007e4                GPDMA1_Channel0_IRQHandler
                0x00000000080007e4                TIM15_IRQHandler
                0x00000000080007e4                I2C3_EV_IRQHandler
                0x00000000080007e4                LPDMA1_Channel0_IRQHandler
                0x00000000080007e4                PVD_PVM_IRQHandler
                0x00000000080007e4                SPI2_IRQHandler
                0x00000000080007e4                LPDMA1_Channel1_IRQHandler
                0x00000000080007e4                EXTI14_IRQHandler
                0x00000000080007e4                EXTI11_IRQHandler
                0x00000000080007e4                CRS_IRQHandler
                0x00000000080007e4                GPDMA1_Channel14_IRQHandler
                0x00000000080007e4                EXTI4_IRQHandler
                0x00000000080007e4                RTC_S_IRQHandler
                0x00000000080007e4                GPDMA1_Channel13_IRQHandler
                0x00000000080007e4                RNG_IRQHandler
                0x00000000080007e4                COMP_IRQHandler
                0x00000000080007e4                TIM1_UP_IRQHandler
                0x00000000080007e4                ADC4_IRQHandler
                0x00000000080007e4                WWDG_IRQHandler
                0x00000000080007e4                I2C4_EV_IRQHandler
                0x00000000080007e4                ADF1_IRQHandler
                0x00000000080007e4                IWDG_IRQHandler
                0x00000000080007e4                LPUART1_IRQHandler
                0x00000000080007e4                MDF1_FLT0_IRQHandler
                0x00000000080007e4                FDCAN1_IT0_IRQHandler
                0x00000000080007e4                TIM2_IRQHandler
                0x00000000080007e4                GPDMA1_Channel4_IRQHandler
                0x00000000080007e4                EXTI7_IRQHandler
                0x00000000080007e4                DMA2D_IRQHandler
                0x00000000080007e4                TIM1_BRK_IRQHandler
                0x00000000080007e4                EXTI1_IRQHandler
                0x00000000080007e4                SDMMC2_IRQHandler
                0x00000000080007e4                DAC1_IRQHandler
                0x00000000080007e4                GTZC_IRQHandler
                0x00000000080007e4                MDF1_FLT3_IRQHandler
                0x00000000080007e4                USART2_IRQHandler
                0x00000000080007e4                GPDMA1_Channel6_IRQHandler
                0x00000000080007e4                I2C2_ER_IRQHandler
                0x00000000080007e4                TIM8_BRK_IRQHandler
                0x00000000080007e4                FLASH_IRQHandler
                0x00000000080007e4                USART1_IRQHandler
                0x00000000080007e4                EXTI10_IRQHandler
                0x00000000080007e4                OTG_FS_IRQHandler
                0x00000000080007e4                SPI3_IRQHandler
                0x00000000080007e4                LPDMA1_Channel2_IRQHandler
                0x00000000080007e4                I2C1_ER_IRQHandler
                0x00000000080007e4                FMC_IRQHandler
                0x00000000080007e4                EXTI6_IRQHandler
                0x00000000080007e4                LPTIM1_IRQHandler
                0x00000000080007e4                DCMI_PSSI_IRQHandler
                0x00000000080007e4                I2C4_ER_IRQHandler
                0x00000000080007e4                GPDMA1_Channel10_IRQHandler
                0x00000000080007e4                ICACHE_IRQHandler
                0x00000000080007e4                SAI1_IRQHandler
                0x00000000080007e4                HASH_IRQHandler
 *fill*         0x00000000080007e6        0x2 
 .text.HAL_Init
                0x00000000080007e8       0x5c ./Drivers/STM32U5xx_HAL_Driver/Src/stm32u5xx_hal.o
                0x00000000080007e8                HAL_Init
 .text.HAL_InitTick
                0x0000000008000844       0x6c ./Drivers/STM32U5xx_HAL_Driver/Src/stm32u5xx_hal.o
                0x0000000008000844                HAL_InitTick
 .text.HAL_IncTick
                0x00000000080008b0       0x28 ./Drivers/STM32U5xx_HAL_Driver/Src/stm32u5xx_hal.o
                0x00000000080008b0                HAL_IncTick
 .text.HAL_GetTick
                0x00000000080008d8       0x18 ./Drivers/STM32U5xx_HAL_Driver/Src/stm32u5xx_hal.o
                0x00000000080008d8                HAL_GetTick
 .text.HAL_Delay
                0x00000000080008f0       0x48 ./Drivers/STM32U5xx_HAL_Driver/Src/stm32u5xx_hal.o
                0x00000000080008f0                HAL_Delay
 .text.__NVIC_SetPriorityGrouping
                0x0000000008000938       0x48 ./Drivers/STM32U5xx_HAL_Driver/Src/stm32u5xx_hal_cortex.o
 .text.__NVIC_GetPriorityGrouping
                0x0000000008000980       0x1c ./Drivers/STM32U5xx_HAL_Driver/Src/stm32u5xx_hal_cortex.o
 .text.__NVIC_SetPriority
                0x000000000800099c       0x54 ./Drivers/STM32U5xx_HAL_Driver/Src/stm32u5xx_hal_cortex.o
 .text.NVIC_EncodePriority
                0x00000000080009f0       0x66 ./Drivers/STM32U5xx_HAL_Driver/Src/stm32u5xx_hal_cortex.o
 *fill*         0x0000000008000a56        0x2 
 .text.SysTick_Config
                0x0000000008000a58       0x44 ./Drivers/STM32U5xx_HAL_Driver/Src/stm32u5xx_hal_cortex.o
 .text.HAL_NVIC_SetPriorityGrouping
                0x0000000008000a9c       0x16 ./Drivers/STM32U5xx_HAL_Driver/Src/stm32u5xx_hal_cortex.o
                0x0000000008000a9c                HAL_NVIC_SetPriorityGrouping
 .text.HAL_NVIC_SetPriority
                0x0000000008000ab2       0x34 ./Drivers/STM32U5xx_HAL_Driver/Src/stm32u5xx_hal_cortex.o
                0x0000000008000ab2                HAL_NVIC_SetPriority
 .text.HAL_SYSTICK_Config
                0x0000000008000ae6       0x18 ./Drivers/STM32U5xx_HAL_Driver/Src/stm32u5xx_hal_cortex.o
                0x0000000008000ae6                HAL_SYSTICK_Config
 *fill*         0x0000000008000afe        0x2 
 .text.HAL_GPIO_Init
                0x0000000008000b00      0x3b0 ./Drivers/STM32U5xx_HAL_Driver/Src/stm32u5xx_hal_gpio.o
                0x0000000008000b00                HAL_GPIO_Init
 .text.HAL_GPIO_WritePin
                0x0000000008000eb0       0x30 ./Drivers/STM32U5xx_HAL_Driver/Src/stm32u5xx_hal_gpio.o
                0x0000000008000eb0                HAL_GPIO_WritePin
 .text.HAL_GPIO_TogglePin
                0x0000000008000ee0       0x34 ./Drivers/STM32U5xx_HAL_Driver/Src/stm32u5xx_hal_gpio.o
                0x0000000008000ee0                HAL_GPIO_TogglePin
 .text.HAL_ICACHE_Enable
                0x0000000008000f14       0x20 ./Drivers/STM32U5xx_HAL_Driver/Src/stm32u5xx_hal_icache.o
                0x0000000008000f14                HAL_ICACHE_Enable
 .text.HAL_ICACHE_Disable
                0x0000000008000f34       0x60 ./Drivers/STM32U5xx_HAL_Driver/Src/stm32u5xx_hal_icache.o
                0x0000000008000f34                HAL_ICACHE_Disable
 .text.HAL_ICACHE_EnableRemapRegion
                0x0000000008000f94       0xa4 ./Drivers/STM32U5xx_HAL_Driver/Src/stm32u5xx_hal_icache.o
                0x0000000008000f94                HAL_ICACHE_EnableRemapRegion
 .text.HAL_PWREx_ControlVoltageScaling
                0x0000000008001038       0xe8 ./Drivers/STM32U5xx_HAL_Driver/Src/stm32u5xx_hal_pwr_ex.o
                0x0000000008001038                HAL_PWREx_ControlVoltageScaling
 .text.HAL_PWREx_GetVoltageRange
                0x0000000008001120       0x1c ./Drivers/STM32U5xx_HAL_Driver/Src/stm32u5xx_hal_pwr_ex.o
                0x0000000008001120                HAL_PWREx_GetVoltageRange
 .text.HAL_RCC_OscConfig
                0x000000000800113c      0xdb4 ./Drivers/STM32U5xx_HAL_Driver/Src/stm32u5xx_hal_rcc.o
                0x000000000800113c                HAL_RCC_OscConfig
 .text.HAL_RCC_ClockConfig
                0x0000000008001ef0      0x3e4 ./Drivers/STM32U5xx_HAL_Driver/Src/stm32u5xx_hal_rcc.o
                0x0000000008001ef0                HAL_RCC_ClockConfig
 .text.HAL_RCC_GetSysClockFreq
                0x00000000080022d4      0x210 ./Drivers/STM32U5xx_HAL_Driver/Src/stm32u5xx_hal_rcc.o
                0x00000000080022d4                HAL_RCC_GetSysClockFreq
 .text.HAL_RCC_GetHCLKFreq
                0x00000000080024e4       0x34 ./Drivers/STM32U5xx_HAL_Driver/Src/stm32u5xx_hal_rcc.o
                0x00000000080024e4                HAL_RCC_GetHCLKFreq
 .text.RCC_SetFlashLatencyFromMSIRange
                0x0000000008002518      0x10c ./Drivers/STM32U5xx_HAL_Driver/Src/stm32u5xx_hal_rcc.o
 .text.__libc_init_array
                0x0000000008002624       0x48 c:/st/stm32cubeide_1.8.0/stm32cubeide/plugins/com.st.stm32cube.ide.mcu.externaltools.gnu-tools-for-stm32.10.3-2021.10.win32_1.0.0.202111181127/tools/bin/../lib/gcc/arm-none-eabi/10.3.1/../../../../arm-none-eabi/lib/thumb/v8-m.main+fp/hard\libc_nano.a(lib_a-init.o)
                0x0000000008002624                __libc_init_array
 .text.memset   0x000000000800266c       0x10 c:/st/stm32cubeide_1.8.0/stm32cubeide/plugins/com.st.stm32cube.ide.mcu.externaltools.gnu-tools-for-stm32.10.3-2021.10.win32_1.0.0.202111181127/tools/bin/../lib/gcc/arm-none-eabi/10.3.1/../../../../arm-none-eabi/lib/thumb/v8-m.main+fp/hard\libc_nano.a(lib_a-memset.o)
                0x000000000800266c                memset
 *(.glue_7)
 .glue_7        0x000000000800267c        0x0 linker stubs
 *(.glue_7t)
 .glue_7t       0x000000000800267c        0x0 linker stubs
 *(.eh_frame)
 .eh_frame      0x000000000800267c        0x0 c:/st/stm32cubeide_1.8.0/stm32cubeide/plugins/com.st.stm32cube.ide.mcu.externaltools.gnu-tools-for-stm32.10.3-2021.10.win32_1.0.0.202111181127/tools/bin/../lib/gcc/arm-none-eabi/10.3.1/thumb/v8-m.main+fp/hard/crtbegin.o
 *(.init)
 .init          0x000000000800267c        0x4 c:/st/stm32cubeide_1.8.0/stm32cubeide/plugins/com.st.stm32cube.ide.mcu.externaltools.gnu-tools-for-stm32.10.3-2021.10.win32_1.0.0.202111181127/tools/bin/../lib/gcc/arm-none-eabi/10.3.1/thumb/v8-m.main+fp/hard/crti.o
                0x000000000800267c                _init
 .init          0x0000000008002680        0x8 c:/st/stm32cubeide_1.8.0/stm32cubeide/plugins/com.st.stm32cube.ide.mcu.externaltools.gnu-tools-for-stm32.10.3-2021.10.win32_1.0.0.202111181127/tools/bin/../lib/gcc/arm-none-eabi/10.3.1/thumb/v8-m.main+fp/hard/crtn.o
 *(.fini)
 .fini          0x0000000008002688        0x4 c:/st/stm32cubeide_1.8.0/stm32cubeide/plugins/com.st.stm32cube.ide.mcu.externaltools.gnu-tools-for-stm32.10.3-2021.10.win32_1.0.0.202111181127/tools/bin/../lib/gcc/arm-none-eabi/10.3.1/thumb/v8-m.main+fp/hard/crti.o
                0x0000000008002688                _fini
 .fini          0x000000000800268c        0x8 c:/st/stm32cubeide_1.8.0/stm32cubeide/plugins/com.st.stm32cube.ide.mcu.externaltools.gnu-tools-for-stm32.10.3-2021.10.win32_1.0.0.202111181127/tools/bin/../lib/gcc/arm-none-eabi/10.3.1/thumb/v8-m.main+fp/hard/crtn.o
                0x0000000008002694                _etext = .

.vfp11_veneer   0x0000000008002694        0x0
 .vfp11_veneer  0x0000000008002694        0x0 linker stubs

.v4_bx          0x0000000008002694        0x0
 .v4_bx         0x0000000008002694        0x0 linker stubs

.iplt           0x0000000008002694        0x0
 .iplt          0x0000000008002694        0x0 c:/st/stm32cubeide_1.8.0/stm32cubeide/plugins/com.st.stm32cube.ide.mcu.externaltools.gnu-tools-for-stm32.10.3-2021.10.win32_1.0.0.202111181127/tools/bin/../lib/gcc/arm-none-eabi/10.3.1/thumb/v8-m.main+fp/hard/crtbegin.o

.rodata         0x0000000008002694       0xd0
 *(.rodata)
 *(.rodata*)
 .rodata.AHBPrescTable
                0x0000000008002694       0x10 ./Core/Src/system_stm32u5xx.o
                0x0000000008002694                AHBPrescTable
 .rodata.MSIRangeTable
                0x00000000080026a4       0x40 ./Core/Src/system_stm32u5xx.o
                0x00000000080026a4                MSIRangeTable
 .rodata.LPGPIO_Map
                0x00000000080026e4       0x80 ./Drivers/STM32U5xx_HAL_Driver/Src/stm32u5xx_hal_gpio.o

.rel.dyn        0x0000000008002764        0x0
 .rel.iplt      0x0000000008002764        0x0 c:/st/stm32cubeide_1.8.0/stm32cubeide/plugins/com.st.stm32cube.ide.mcu.externaltools.gnu-tools-for-stm32.10.3-2021.10.win32_1.0.0.202111181127/tools/bin/../lib/gcc/arm-none-eabi/10.3.1/thumb/v8-m.main+fp/hard/crtbegin.o

.ARM.extab
 *(.ARM.extab* .gnu.linkonce.armextab.*)

.ARM            0x0000000008002764        0x0
                0x0000000008002764                __exidx_start = .
 *(.ARM.exidx*)
                0x0000000008002764                __exidx_end = .

.preinit_array  0x0000000008002764        0x0
                0x0000000008002764                PROVIDE (__preinit_array_start = .)
 *(.preinit_array*)
                0x0000000008002764                PROVIDE (__preinit_array_end = .)

.init_array     0x0000000008002764        0x4
                0x0000000008002764                PROVIDE (__init_array_start = .)
 *(SORT_BY_NAME(.init_array.*))
 *(.init_array*)
 .init_array    0x0000000008002764        0x4 c:/st/stm32cubeide_1.8.0/stm32cubeide/plugins/com.st.stm32cube.ide.mcu.externaltools.gnu-tools-for-stm32.10.3-2021.10.win32_1.0.0.202111181127/tools/bin/../lib/gcc/arm-none-eabi/10.3.1/thumb/v8-m.main+fp/hard/crtbegin.o
                0x0000000008002768                PROVIDE (__init_array_end = .)

.fini_array     0x0000000008002768        0x4
                [!provide]                        PROVIDE (__fini_array_start = .)
 *(SORT_BY_NAME(.fini_array.*))
 *(.fini_array*)
 .fini_array    0x0000000008002768        0x4 c:/st/stm32cubeide_1.8.0/stm32cubeide/plugins/com.st.stm32cube.ide.mcu.externaltools.gnu-tools-for-stm32.10.3-2021.10.win32_1.0.0.202111181127/tools/bin/../lib/gcc/arm-none-eabi/10.3.1/thumb/v8-m.main+fp/hard/crtbegin.o
                [!provide]                        PROVIDE (__fini_array_end = .)
                0x000000000800276c                _sidata = LOADADDR (.data)

.data           0x0000000020000000        0x9 load address 0x000000000800276c
                0x0000000020000000                _sdata = .
 *(.data)
 *(.data*)
 .data.SystemCoreClock
                0x0000000020000000        0x4 ./Core/Src/system_stm32u5xx.o
                0x0000000020000000                SystemCoreClock
 .data.uwTickPrio
                0x0000000020000004        0x4 ./Drivers/STM32U5xx_HAL_Driver/Src/stm32u5xx_hal.o
                0x0000000020000004                uwTickPrio
 .data.uwTickFreq
                0x0000000020000008        0x1 ./Drivers/STM32U5xx_HAL_Driver/Src/stm32u5xx_hal.o
                0x0000000020000008                uwTickFreq
 *(.RamFunc)
 *(.RamFunc*)
                0x0000000020000009                _edata = .

.igot.plt       0x000000002000000c        0x0 load address 0x0000000008002775
 .igot.plt      0x000000002000000c        0x0 c:/st/stm32cubeide_1.8.0/stm32cubeide/plugins/com.st.stm32cube.ide.mcu.externaltools.gnu-tools-for-stm32.10.3-2021.10.win32_1.0.0.202111181127/tools/bin/../lib/gcc/arm-none-eabi/10.3.1/thumb/v8-m.main+fp/hard/crtbegin.o

.bss            0x000000002000000c       0x20 load address 0x0000000008002775
                0x000000002000000c                _sbss = .
                0x000000002000000c                __bss_start__ = _sbss
 *(.bss)
 .bss           0x000000002000000c       0x1c c:/st/stm32cubeide_1.8.0/stm32cubeide/plugins/com.st.stm32cube.ide.mcu.externaltools.gnu-tools-for-stm32.10.3-2021.10.win32_1.0.0.202111181127/tools/bin/../lib/gcc/arm-none-eabi/10.3.1/thumb/v8-m.main+fp/hard/crtbegin.o
 *(.bss*)
 .bss.uwTick    0x0000000020000028        0x4 ./Drivers/STM32U5xx_HAL_Driver/Src/stm32u5xx_hal.o
                0x0000000020000028                uwTick
 *(COMMON)
                0x000000002000002c                _ebss = .
                0x000000002000002c                __bss_end__ = _ebss

._user_heap_stack
                0x000000002000002c      0x604 load address 0x0000000008002775
                0x0000000020000030                . = ALIGN (0x8)
 *fill*         0x000000002000002c        0x4 
                [!provide]                        PROVIDE (end = .)
                0x0000000020000030                PROVIDE (_end = .)
                0x0000000020000230                . = (. + _Min_Heap_Size)
 *fill*         0x0000000020000030      0x200 
                0x0000000020000630                . = (. + _Min_Stack_Size)
 *fill*         0x0000000020000230      0x400 
                0x0000000020000630                . = ALIGN (0x8)

/DISCARD/
 libc.a(*)
 libm.a(*)
 libgcc.a(*)

.ARM.attributes
                0x0000000000000000       0x36
 *(.ARM.attributes)
 .ARM.attributes
                0x0000000000000000       0x22 c:/st/stm32cubeide_1.8.0/stm32cubeide/plugins/com.st.stm32cube.ide.mcu.externaltools.gnu-tools-for-stm32.10.3-2021.10.win32_1.0.0.202111181127/tools/bin/../lib/gcc/arm-none-eabi/10.3.1/thumb/v8-m.main+fp/hard/crti.o
 .ARM.attributes
                0x0000000000000022       0x38 c:/st/stm32cubeide_1.8.0/stm32cubeide/plugins/com.st.stm32cube.ide.mcu.externaltools.gnu-tools-for-stm32.10.3-2021.10.win32_1.0.0.202111181127/tools/bin/../lib/gcc/arm-none-eabi/10.3.1/thumb/v8-m.main+fp/hard/crtbegin.o
 .ARM.attributes
                0x000000000000005a       0x3a ./Core/Src/main.o
 .ARM.attributes
                0x0000000000000094       0x3a ./Core/Src/stm32u5xx_hal_msp.o
 .ARM.attributes
                0x00000000000000ce       0x3a ./Core/Src/stm32u5xx_it.o
 .ARM.attributes
                0x0000000000000108       0x3a ./Core/Src/system_stm32u5xx.o
 .ARM.attributes
                0x0000000000000142       0x24 ./Core/Startup/startup_stm32u575vgtx.o
 .ARM.attributes
                0x0000000000000166       0x3a ./Drivers/STM32U5xx_HAL_Driver/Src/stm32u5xx_hal.o
 .ARM.attributes
                0x00000000000001a0       0x3a ./Drivers/STM32U5xx_HAL_Driver/Src/stm32u5xx_hal_cortex.o
 .ARM.attributes
                0x00000000000001da       0x3a ./Drivers/STM32U5xx_HAL_Driver/Src/stm32u5xx_hal_gpio.o
 .ARM.attributes
                0x0000000000000214       0x3a ./Drivers/STM32U5xx_HAL_Driver/Src/stm32u5xx_hal_icache.o
 .ARM.attributes
                0x000000000000024e       0x3a ./Drivers/STM32U5xx_HAL_Driver/Src/stm32u5xx_hal_pwr_ex.o
 .ARM.attributes
                0x0000000000000288       0x3a ./Drivers/STM32U5xx_HAL_Driver/Src/stm32u5xx_hal_rcc.o
 .ARM.attributes
                0x00000000000002c2       0x38 c:/st/stm32cubeide_1.8.0/stm32cubeide/plugins/com.st.stm32cube.ide.mcu.externaltools.gnu-tools-for-stm32.10.3-2021.10.win32_1.0.0.202111181127/tools/bin/../lib/gcc/arm-none-eabi/10.3.1/../../../../arm-none-eabi/lib/thumb/v8-m.main+fp/hard\libc_nano.a(lib_a-init.o)
 .ARM.attributes
                0x00000000000002fa       0x38 c:/st/stm32cubeide_1.8.0/stm32cubeide/plugins/com.st.stm32cube.ide.mcu.externaltools.gnu-tools-for-stm32.10.3-2021.10.win32_1.0.0.202111181127/tools/bin/../lib/gcc/arm-none-eabi/10.3.1/../../../../arm-none-eabi/lib/thumb/v8-m.main+fp/hard\libc_nano.a(lib_a-memset.o)
 .ARM.attributes
                0x0000000000000332       0x22 c:/st/stm32cubeide_1.8.0/stm32cubeide/plugins/com.st.stm32cube.ide.mcu.externaltools.gnu-tools-for-stm32.10.3-2021.10.win32_1.0.0.202111181127/tools/bin/../lib/gcc/arm-none-eabi/10.3.1/thumb/v8-m.main+fp/hard/crtn.o
OUTPUT(STM32U575VGT_Board.elf elf32-littlearm)
LOAD linker stubs
LOAD c:/st/stm32cubeide_1.8.0/stm32cubeide/plugins/com.st.stm32cube.ide.mcu.externaltools.gnu-tools-for-stm32.10.3-2021.10.win32_1.0.0.202111181127/tools/bin/../lib/gcc/arm-none-eabi/10.3.1/../../../../arm-none-eabi/lib/thumb/v8-m.main+fp/hard\libc.a
LOAD c:/st/stm32cubeide_1.8.0/stm32cubeide/plugins/com.st.stm32cube.ide.mcu.externaltools.gnu-tools-for-stm32.10.3-2021.10.win32_1.0.0.202111181127/tools/bin/../lib/gcc/arm-none-eabi/10.3.1/../../../../arm-none-eabi/lib/thumb/v8-m.main+fp/hard\libm.a
LOAD c:/st/stm32cubeide_1.8.0/stm32cubeide/plugins/com.st.stm32cube.ide.mcu.externaltools.gnu-tools-for-stm32.10.3-2021.10.win32_1.0.0.202111181127/tools/bin/../lib/gcc/arm-none-eabi/10.3.1/thumb/v8-m.main+fp/hard\libgcc.a

.debug_info     0x0000000000000000     0x6d4d
 .debug_info    0x0000000000000000      0xacf ./Core/Src/main.o
 .debug_info    0x0000000000000acf       0x9e ./Core/Src/stm32u5xx_hal_msp.o
 .debug_info    0x0000000000000b6d      0x137 ./Core/Src/stm32u5xx_it.o
 .debug_info    0x0000000000000ca4      0x8f2 ./Core/Src/system_stm32u5xx.o
 .debug_info    0x0000000000001596       0x22 ./Core/Startup/startup_stm32u575vgtx.o
 .debug_info    0x00000000000015b8     0x11b5 ./Drivers/STM32U5xx_HAL_Driver/Src/stm32u5xx_hal.o
 .debug_info    0x000000000000276d     0x15b9 ./Drivers/STM32U5xx_HAL_Driver/Src/stm32u5xx_hal_cortex.o
 .debug_info    0x0000000000003d26      0x880 ./Drivers/STM32U5xx_HAL_Driver/Src/stm32u5xx_hal_gpio.o
 .debug_info    0x00000000000045a6      0x592 ./Drivers/STM32U5xx_HAL_Driver/Src/stm32u5xx_hal_icache.o
 .debug_info    0x0000000000004b38      0xe83 ./Drivers/STM32U5xx_HAL_Driver/Src/stm32u5xx_hal_pwr_ex.o
 .debug_info    0x00000000000059bb     0x1392 ./Drivers/STM32U5xx_HAL_Driver/Src/stm32u5xx_hal_rcc.o

.debug_abbrev   0x0000000000000000     0x12f3
 .debug_abbrev  0x0000000000000000      0x23c ./Core/Src/main.o
 .debug_abbrev  0x000000000000023c       0x47 ./Core/Src/stm32u5xx_hal_msp.o
 .debug_abbrev  0x0000000000000283       0x74 ./Core/Src/stm32u5xx_it.o
 .debug_abbrev  0x00000000000002f7      0x127 ./Core/Src/system_stm32u5xx.o
 .debug_abbrev  0x000000000000041e       0x12 ./Core/Startup/startup_stm32u575vgtx.o
 .debug_abbrev  0x0000000000000430      0x285 ./Drivers/STM32U5xx_HAL_Driver/Src/stm32u5xx_hal.o
 .debug_abbrev  0x00000000000006b5      0x303 ./Drivers/STM32U5xx_HAL_Driver/Src/stm32u5xx_hal_cortex.o
 .debug_abbrev  0x00000000000009b8      0x246 ./Drivers/STM32U5xx_HAL_Driver/Src/stm32u5xx_hal_gpio.o
 .debug_abbrev  0x0000000000000bfe      0x22f ./Drivers/STM32U5xx_HAL_Driver/Src/stm32u5xx_hal_icache.o
 .debug_abbrev  0x0000000000000e2d      0x20d ./Drivers/STM32U5xx_HAL_Driver/Src/stm32u5xx_hal_pwr_ex.o
 .debug_abbrev  0x000000000000103a      0x2b9 ./Drivers/STM32U5xx_HAL_Driver/Src/stm32u5xx_hal_rcc.o

.debug_aranges  0x0000000000000000      0x728
 .debug_aranges
                0x0000000000000000       0x48 ./Core/Src/main.o
 .debug_aranges
                0x0000000000000048       0x20 ./Core/Src/stm32u5xx_hal_msp.o
 .debug_aranges
                0x0000000000000068       0x60 ./Core/Src/stm32u5xx_it.o
 .debug_aranges
                0x00000000000000c8       0x28 ./Core/Src/system_stm32u5xx.o
 .debug_aranges
                0x00000000000000f0       0x28 ./Core/Startup/startup_stm32u575vgtx.o
 .debug_aranges
                0x0000000000000118      0x120 ./Drivers/STM32U5xx_HAL_Driver/Src/stm32u5xx_hal.o
 .debug_aranges
                0x0000000000000238      0x130 ./Drivers/STM32U5xx_HAL_Driver/Src/stm32u5xx_hal_cortex.o
 .debug_aranges
                0x0000000000000368       0x70 ./Drivers/STM32U5xx_HAL_Driver/Src/stm32u5xx_hal_gpio.o
 .debug_aranges
                0x00000000000003d8       0xa8 ./Drivers/STM32U5xx_HAL_Driver/Src/stm32u5xx_hal_icache.o
 .debug_aranges
                0x0000000000000480      0x200 ./Drivers/STM32U5xx_HAL_Driver/Src/stm32u5xx_hal_pwr_ex.o
 .debug_aranges
                0x0000000000000680       0xa8 ./Drivers/STM32U5xx_HAL_Driver/Src/stm32u5xx_hal_rcc.o

.debug_ranges   0x0000000000000000      0x680
 .debug_ranges  0x0000000000000000       0x38 ./Core/Src/main.o
 .debug_ranges  0x0000000000000038       0x10 ./Core/Src/stm32u5xx_hal_msp.o
 .debug_ranges  0x0000000000000048       0x50 ./Core/Src/stm32u5xx_it.o
 .debug_ranges  0x0000000000000098       0x18 ./Core/Src/system_stm32u5xx.o
 .debug_ranges  0x00000000000000b0       0x20 ./Core/Startup/startup_stm32u575vgtx.o
 .debug_ranges  0x00000000000000d0      0x110 ./Drivers/STM32U5xx_HAL_Driver/Src/stm32u5xx_hal.o
 .debug_ranges  0x00000000000001e0      0x120 ./Drivers/STM32U5xx_HAL_Driver/Src/stm32u5xx_hal_cortex.o
 .debug_ranges  0x0000000000000300       0x60 ./Drivers/STM32U5xx_HAL_Driver/Src/stm32u5xx_hal_gpio.o
 .debug_ranges  0x0000000000000360       0x98 ./Drivers/STM32U5xx_HAL_Driver/Src/stm32u5xx_hal_icache.o
 .debug_ranges  0x00000000000003f8      0x1f0 ./Drivers/STM32U5xx_HAL_Driver/Src/stm32u5xx_hal_pwr_ex.o
 .debug_ranges  0x00000000000005e8       0x98 ./Drivers/STM32U5xx_HAL_Driver/Src/stm32u5xx_hal_rcc.o

.debug_macro    0x0000000000000000    0x2f1af
 .debug_macro   0x0000000000000000      0x259 ./Core/Src/main.o
 .debug_macro   0x0000000000000259      0xa7e ./Core/Src/main.o
 .debug_macro   0x0000000000000cd7      0x1d3 ./Core/Src/main.o
 .debug_macro   0x0000000000000eaa       0x2e ./Core/Src/main.o
 .debug_macro   0x0000000000000ed8       0x42 ./Core/Src/main.o
 .debug_macro   0x0000000000000f1a       0x22 ./Core/Src/main.o
 .debug_macro   0x0000000000000f3c       0x8e ./Core/Src/main.o
 .debug_macro   0x0000000000000fca       0x51 ./Core/Src/main.o
 .debug_macro   0x000000000000101b      0x103 ./Core/Src/main.o
 .debug_macro   0x000000000000111e       0x6a ./Core/Src/main.o
 .debug_macro   0x0000000000001188      0x1df ./Core/Src/main.o
 .debug_macro   0x0000000000001367       0x1c ./Core/Src/main.o
 .debug_macro   0x0000000000001383       0x29 ./Core/Src/main.o
 .debug_macro   0x00000000000013ac       0xfb ./Core/Src/main.o
 .debug_macro   0x00000000000014a7     0x1336 ./Core/Src/main.o
 .debug_macro   0x00000000000027dd       0x5e ./Core/Src/main.o
 .debug_macro   0x000000000000283b    0x226bd ./Core/Src/main.o
 .debug_macro   0x0000000000024ef8       0x6d ./Core/Src/main.o
 .debug_macro   0x0000000000024f65     0x3794 ./Core/Src/main.o
 .debug_macro   0x00000000000286f9      0x174 ./Core/Src/main.o
 .debug_macro   0x000000000002886d       0x52 ./Core/Src/main.o
 .debug_macro   0x00000000000288bf       0x1e ./Core/Src/main.o
 .debug_macro   0x00000000000288dd       0x3c ./Core/Src/main.o
 .debug_macro   0x0000000000028919       0x34 ./Core/Src/main.o
 .debug_macro   0x000000000002894d       0x16 ./Core/Src/main.o
 .debug_macro   0x0000000000028963       0x43 ./Core/Src/main.o
 .debug_macro   0x00000000000289a6       0x34 ./Core/Src/main.o
 .debug_macro   0x00000000000289da       0x10 ./Core/Src/main.o
 .debug_macro   0x00000000000289ea       0x58 ./Core/Src/main.o
 .debug_macro   0x0000000000028a42       0x71 ./Core/Src/main.o
 .debug_macro   0x0000000000028ab3       0x1c ./Core/Src/main.o
 .debug_macro   0x0000000000028acf      0x12a ./Core/Src/main.o
 .debug_macro   0x0000000000028bf9      0x341 ./Core/Src/main.o
 .debug_macro   0x0000000000028f3a      0x19b ./Core/Src/main.o
 .debug_macro   0x00000000000290d5       0x5d ./Core/Src/main.o
 .debug_macro   0x0000000000029132     0x1bb7 ./Core/Src/main.o
 .debug_macro   0x000000000002ace9      0x7ff ./Core/Src/main.o
 .debug_macro   0x000000000002b4e8      0x158 ./Core/Src/main.o
 .debug_macro   0x000000000002b640      0x2aa ./Core/Src/main.o
 .debug_macro   0x000000000002b8ea       0xc8 ./Core/Src/main.o
 .debug_macro   0x000000000002b9b2      0x5a5 ./Core/Src/main.o
 .debug_macro   0x000000000002bf57      0x432 ./Core/Src/main.o
 .debug_macro   0x000000000002c389       0xd6 ./Core/Src/main.o
 .debug_macro   0x000000000002c45f      0x1cd ./Core/Src/main.o
 .debug_macro   0x000000000002c62c      0x432 ./Core/Src/main.o
 .debug_macro   0x000000000002ca5e       0x95 ./Core/Src/main.o
 .debug_macro   0x000000000002caf3      0x11c ./Core/Src/main.o
 .debug_macro   0x000000000002cc0f      0x517 ./Core/Src/main.o
 .debug_macro   0x000000000002d126      0x4d4 ./Core/Src/main.o
 .debug_macro   0x000000000002d5fa      0x1b7 ./Core/Src/main.o
 .debug_macro   0x000000000002d7b1      0x361 ./Core/Src/main.o
 .debug_macro   0x000000000002db12      0x259 ./Core/Src/stm32u5xx_hal_msp.o
 .debug_macro   0x000000000002dd6b      0x263 ./Core/Src/stm32u5xx_it.o
 .debug_macro   0x000000000002dfce      0x256 ./Core/Src/system_stm32u5xx.o
 .debug_macro   0x000000000002e224      0x273 ./Drivers/STM32U5xx_HAL_Driver/Src/stm32u5xx_hal.o
 .debug_macro   0x000000000002e497      0x24f ./Drivers/STM32U5xx_HAL_Driver/Src/stm32u5xx_hal_cortex.o
 .debug_macro   0x000000000002e6e6      0x281 ./Drivers/STM32U5xx_HAL_Driver/Src/stm32u5xx_hal_gpio.o
 .debug_macro   0x000000000002e967      0x27f ./Drivers/STM32U5xx_HAL_Driver/Src/stm32u5xx_hal_icache.o
 .debug_macro   0x000000000002ebe6      0x27a ./Drivers/STM32U5xx_HAL_Driver/Src/stm32u5xx_hal_pwr_ex.o
 .debug_macro   0x000000000002ee60      0x34f ./Drivers/STM32U5xx_HAL_Driver/Src/stm32u5xx_hal_rcc.o

.debug_line     0x0000000000000000     0x7980
 .debug_line    0x0000000000000000      0x9a3 ./Core/Src/main.o
 .debug_line    0x00000000000009a3      0x798 ./Core/Src/stm32u5xx_hal_msp.o
 .debug_line    0x000000000000113b      0x85f ./Core/Src/stm32u5xx_it.o
 .debug_line    0x000000000000199a      0x895 ./Core/Src/system_stm32u5xx.o
 .debug_line    0x000000000000222f       0x85 ./Core/Startup/startup_stm32u575vgtx.o
 .debug_line    0x00000000000022b4      0xb5f ./Drivers/STM32U5xx_HAL_Driver/Src/stm32u5xx_hal.o
 .debug_line    0x0000000000002e13      0xda4 ./Drivers/STM32U5xx_HAL_Driver/Src/stm32u5xx_hal_cortex.o
 .debug_line    0x0000000000003bb7      0xce9 ./Drivers/STM32U5xx_HAL_Driver/Src/stm32u5xx_hal_gpio.o
 .debug_line    0x00000000000048a0      0xa87 ./Drivers/STM32U5xx_HAL_Driver/Src/stm32u5xx_hal_icache.o
 .debug_line    0x0000000000005327     0x1122 ./Drivers/STM32U5xx_HAL_Driver/Src/stm32u5xx_hal_pwr_ex.o
 .debug_line    0x0000000000006449     0x1537 ./Drivers/STM32U5xx_HAL_Driver/Src/stm32u5xx_hal_rcc.o

.debug_str      0x0000000000000000   0x12749a
 .debug_str     0x0000000000000000   0x123bd6 ./Core/Src/main.o
                                     0x124696 (size before relaxing)
 .debug_str     0x0000000000123bd6       0x2c ./Core/Src/stm32u5xx_hal_msp.o
                                     0x124033 (size before relaxing)
 .debug_str     0x0000000000123c02       0xc9 ./Core/Src/stm32u5xx_it.o
                                     0x1240d0 (size before relaxing)
 .debug_str     0x0000000000123ccb      0x1b8 ./Core/Src/system_stm32u5xx.o
                                     0x124415 (size before relaxing)
 .debug_str     0x0000000000123e83       0x5e ./Core/Startup/startup_stm32u575vgtx.o
 .debug_str     0x0000000000123ee1      0xe06 ./Drivers/STM32U5xx_HAL_Driver/Src/stm32u5xx_hal.o
                                     0x1251c2 (size before relaxing)
 .debug_str     0x0000000000124ce7      0x3c4 ./Drivers/STM32U5xx_HAL_Driver/Src/stm32u5xx_hal_cortex.o
                                     0x124fe9 (size before relaxing)
 .debug_str     0x00000000001250ab      0x2b9 ./Drivers/STM32U5xx_HAL_Driver/Src/stm32u5xx_hal_gpio.o
                                     0x12441c (size before relaxing)
 .debug_str     0x0000000000125364      0x625 ./Drivers/STM32U5xx_HAL_Driver/Src/stm32u5xx_hal_icache.o
                                     0x124769 (size before relaxing)
 .debug_str     0x0000000000125989      0x83f ./Drivers/STM32U5xx_HAL_Driver/Src/stm32u5xx_hal_pwr_ex.o
                                     0x124b4b (size before relaxing)
 .debug_str     0x00000000001261c8     0x12d2 ./Drivers/STM32U5xx_HAL_Driver/Src/stm32u5xx_hal_rcc.o
                                     0x125aec (size before relaxing)

.comment        0x0000000000000000       0x50
 .comment       0x0000000000000000       0x50 ./Core/Src/main.o
                                         0x51 (size before relaxing)
 .comment       0x0000000000000050       0x51 ./Core/Src/stm32u5xx_hal_msp.o
 .comment       0x0000000000000050       0x51 ./Core/Src/stm32u5xx_it.o
 .comment       0x0000000000000050       0x51 ./Core/Src/system_stm32u5xx.o
 .comment       0x0000000000000050       0x51 ./Drivers/STM32U5xx_HAL_Driver/Src/stm32u5xx_hal.o
 .comment       0x0000000000000050       0x51 ./Drivers/STM32U5xx_HAL_Driver/Src/stm32u5xx_hal_cortex.o
 .comment       0x0000000000000050       0x51 ./Drivers/STM32U5xx_HAL_Driver/Src/stm32u5xx_hal_gpio.o
 .comment       0x0000000000000050       0x51 ./Drivers/STM32U5xx_HAL_Driver/Src/stm32u5xx_hal_icache.o
 .comment       0x0000000000000050       0x51 ./Drivers/STM32U5xx_HAL_Driver/Src/stm32u5xx_hal_pwr_ex.o
 .comment       0x0000000000000050       0x51 ./Drivers/STM32U5xx_HAL_Driver/Src/stm32u5xx_hal_rcc.o

.debug_frame    0x0000000000000000     0x1b54
 .debug_frame   0x0000000000000000       0xdc ./Core/Src/main.o
 .debug_frame   0x00000000000000dc       0x30 ./Core/Src/stm32u5xx_hal_msp.o
 .debug_frame   0x000000000000010c      0x104 ./Core/Src/stm32u5xx_it.o
 .debug_frame   0x0000000000000210       0x58 ./Core/Src/system_stm32u5xx.o
 .debug_frame   0x0000000000000268      0x460 ./Drivers/STM32U5xx_HAL_Driver/Src/stm32u5xx_hal.o
 .debug_frame   0x00000000000006c8      0x508 ./Drivers/STM32U5xx_HAL_Driver/Src/stm32u5xx_hal_cortex.o
 .debug_frame   0x0000000000000bd0      0x1c4 ./Drivers/STM32U5xx_HAL_Driver/Src/stm32u5xx_hal_gpio.o
 .debug_frame   0x0000000000000d94      0x29c ./Drivers/STM32U5xx_HAL_Driver/Src/stm32u5xx_hal_icache.o
 .debug_frame   0x0000000000001030      0x84c ./Drivers/STM32U5xx_HAL_Driver/Src/stm32u5xx_hal_pwr_ex.o
 .debug_frame   0x000000000000187c      0x28c ./Drivers/STM32U5xx_HAL_Driver/Src/stm32u5xx_hal_rcc.o
 .debug_frame   0x0000000000001b08       0x2c c:/st/stm32cubeide_1.8.0/stm32cubeide/plugins/com.st.stm32cube.ide.mcu.externaltools.gnu-tools-for-stm32.10.3-2021.10.win32_1.0.0.202111181127/tools/bin/../lib/gcc/arm-none-eabi/10.3.1/../../../../arm-none-eabi/lib/thumb/v8-m.main+fp/hard\libc_nano.a(lib_a-init.o)
 .debug_frame   0x0000000000001b34       0x20 c:/st/stm32cubeide_1.8.0/stm32cubeide/plugins/com.st.stm32cube.ide.mcu.externaltools.gnu-tools-for-stm32.10.3-2021.10.win32_1.0.0.202111181127/tools/bin/../lib/gcc/arm-none-eabi/10.3.1/../../../../arm-none-eabi/lib/thumb/v8-m.main+fp/hard\libc_nano.a(lib_a-memset.o)
